================================================================================
Phase 1 Baseline: Prefill vs Decode
================================================================================
Model: attn -> attn
System: torch
Context Lengths: [2048, 4096, 8192]
Batch Size: 1
Head Num / Head Dim: 32 / 128
DType: float16
Warmup / Runs / Repeats: 10 / 50 / 3
Check Outputs: False
OOM Policy: skip
Seed: 0
Device: cuda:7 (NVIDIA GeForce RTX 3090)
Theoretical BW: 936.0 GB/s
CUDA Version: 12.1
PyTorch Version: 2.2.2+cu121
================================================================================

================================================================================
Testing context_len = 2048
================================================================================

[Prefill] context_len=2048
  Repeat 1/3 warmup (10 runs)...
  Repeat 1/3 GPU Event timing (50 runs)...
  Repeat 1/3 CPU timing (50 runs)...
  Repeat 2/3 warmup (10 runs)...
  Repeat 2/3 GPU Event timing (50 runs)...
  Repeat 2/3 CPU timing (50 runs)...
  Repeat 3/3 warmup (10 runs)...
  Repeat 3/3 GPU Event timing (50 runs)...
  Repeat 3/3 CPU timing (50 runs)...

[Decode] context_len=2048
  Repeat 1/3 warmup (10 runs)...
  Repeat 1/3 GPU Event timing (50 runs)...
  Repeat 1/3 CPU timing (50 runs)...
  Repeat 2/3 warmup (10 runs)...
  Repeat 2/3 GPU Event timing (50 runs)...
  Repeat 2/3 CPU timing (50 runs)...
  Repeat 3/3 warmup (10 runs)...
  Repeat 3/3 GPU Event timing (50 runs)...
  Repeat 3/3 CPU timing (50 runs)...

--------------------------------------------------------------------------------
Comparison Summary (context_len=2048)
--------------------------------------------------------------------------------
Prefill    median=6.3012    ms p95=6.3539    ms TFLOPS=10.9058   BW(lower)=1.06    % BW(eager)=26.76   % CV=0.0054 
Decode     median=0.1874    ms p95=0.2036    ms TFLOPS=0.1791    BW(lower)=17.82   % BW(eager)=18.25   % CV=0.0386 
Time ratio: median=33.62x, p95=31.21x | Prefill peak_delta=1288.00 MB, Decode peak_delta=0.63 MB

================================================================================
Testing context_len = 4096
================================================================================

[Prefill] context_len=4096
  Repeat 1/3 warmup (10 runs)...
  Repeat 1/3 GPU Event timing (50 runs)...
  Repeat 1/3 CPU timing (50 runs)...
  Repeat 2/3 warmup (10 runs)...
  Repeat 2/3 GPU Event timing (50 runs)...
  Repeat 2/3 CPU timing (50 runs)...
  Repeat 3/3 warmup (10 runs)...
  Repeat 3/3 GPU Event timing (50 runs)...
  Repeat 3/3 CPU timing (50 runs)...

[Decode] context_len=4096
  Repeat 1/3 warmup (10 runs)...
  Repeat 1/3 GPU Event timing (50 runs)...
  Repeat 1/3 CPU timing (50 runs)...
  Repeat 2/3 warmup (10 runs)...
  Repeat 2/3 GPU Event timing (50 runs)...
  Repeat 2/3 CPU timing (50 runs)...
  Repeat 3/3 warmup (10 runs)...
  Repeat 3/3 GPU Event timing (50 runs)...
  Repeat 3/3 CPU timing (50 runs)...

--------------------------------------------------------------------------------
Comparison Summary (context_len=4096)
--------------------------------------------------------------------------------
Prefill    median=23.8736   ms p95=24.0556   ms TFLOPS=11.5139   BW(lower)=0.56    % BW(eager)=27.69   % CV=0.0035 
Decode     median=0.2087    ms p95=0.2345    ms TFLOPS=0.3215    BW(lower)=32.00   % BW(eager)=32.75   % CV=0.0466 
Time ratio: median=114.37x, p95=102.57x | Prefill peak_delta=5152.00 MB, Decode peak_delta=1.26 MB

================================================================================
Testing context_len = 8192
================================================================================

[Prefill] context_len=8192
  Repeat 1/3 warmup (10 runs)...
  [OOM] stage=prefill, context_len=8192: CUDA out of memory. Tried to allocate 8.00 GiB. GPU 7 has a total capacity of 23.57 GiB of which 7.05 GiB is free. Including non-PyTorch memory, this process has 16.51 GiB memory in use. Of the allocated memory 12.38 GiB is allocated by PyTorch, and 3.82 GiB is reserved by PyTorch but unallocated. If reserved but unallocated memory is large try setting PYTORCH_CUDA_ALLOC_CONF=expandable_segments:True to avoid fragmentation.  See documentation for Memory Management  (https://pytorch.org/docs/stable/notes/cuda.html#environment-variables)

[Decode] context_len=8192
  Repeat 1/3 warmup (10 runs)...
  Repeat 1/3 GPU Event timing (50 runs)...
  Repeat 1/3 CPU timing (50 runs)...
  Repeat 2/3 warmup (10 runs)...
  Repeat 2/3 GPU Event timing (50 runs)...
  Repeat 2/3 CPU timing (50 runs)...
  Repeat 3/3 warmup (10 runs)...
  Repeat 3/3 GPU Event timing (50 runs)...
  Repeat 3/3 CPU timing (50 runs)...

--------------------------------------------------------------------------------
Comparison Summary (context_len=8192)
--------------------------------------------------------------------------------
Prefill    status=oom context=8192 error=CUDA out of memory. Tried to allocate 8.00 GiB. GPU 7 has a total capacity of 23.57 GiB of which 7.05 GiB is free. Inclu
Decode     median=0.2549    ms p95=0.2697    ms TFLOPS=0.5266    BW(lower)=52.40   % BW(eager)=53.65   % CV=0.0242 
Time ratio: N/A due to non-ok stage status

================================================================================
Results saved to: results/prefill_vs_decode_attn_20260306_181022.json
================================================================================
======================================================================
Phase 1: Enhanced Result Visualization
======================================================================
Input: results/prefill_vs_decode_attn_20260306_181022.json
Output: plots/
======================================================================
Generating enhanced plots for attn...
  ✓ Generated: attn_tflops_dive.png
  ✓ Generated: attn_bandwidth_trend.png
  ✓ Generated: attn_execution_time.png
  ✓ Generated: attn_time_ratio_growth.png
  ✓ Generated: attn_memory_usage.png
  ✓ Generated: attn_dashboard.png
All plots saved to plots/

======================================================================
✓ All enhanced plots generated successfully!
======================================================================

Generated files:
  1. attn_tflops_dive.png - TFLOPS trend
  2. attn_bandwidth_trend.png - Bandwidth utilization trend
  3. attn_execution_time.png - Timing comparison
  4. attn_time_ratio_growth.png - Performance gap growth
  5. attn_memory_usage.png - GPU memory usage
  6. attn_dashboard.png - Comprehensive dashboard
