================================================================================
Phase 1 Baseline: Prefill vs Decode
================================================================================
Model: roco -> roco
System: torch
Context Lengths: [2048, 4096, 8192]
Batch Size: 1
Head Num / Head Dim: 32 / 128
DType: float16
Warmup / Runs / Repeats: 10 / 50 / 3
Check Outputs: False
OOM Policy: skip
Seed: 0
Device: cuda:7 (NVIDIA GeForce RTX 3090)
Theoretical BW: 936.0 GB/s
CUDA Version: 12.1
PyTorch Version: 2.2.2+cu121
================================================================================

================================================================================
Testing context_len = 2048
================================================================================

[Prefill] context_len=2048
  Repeat 1/3 warmup (10 runs)...
  Repeat 1/3 GPU Event timing (50 runs)...
  Repeat 1/3 CPU timing (50 runs)...
  Repeat 2/3 warmup (10 runs)...
  Repeat 2/3 GPU Event timing (50 runs)...
  Repeat 2/3 CPU timing (50 runs)...
  Repeat 3/3 warmup (10 runs)...
  Repeat 3/3 GPU Event timing (50 runs)...
  Repeat 3/3 CPU timing (50 runs)...

[Decode] context_len=2048
  Repeat 1/3 warmup (10 runs)...
  Repeat 1/3 GPU Event timing (50 runs)...
  Repeat 1/3 CPU timing (50 runs)...
  Repeat 2/3 warmup (10 runs)...
  Repeat 2/3 GPU Event timing (50 runs)...
  Repeat 2/3 CPU timing (50 runs)...
  Repeat 3/3 warmup (10 runs)...
  Repeat 3/3 GPU Event timing (50 runs)...
  Repeat 3/3 CPU timing (50 runs)...

--------------------------------------------------------------------------------
Comparison Summary (context_len=2048)
--------------------------------------------------------------------------------
Prefill    median=8.7168    ms p95=8.7484    ms TFLOPS=7.8835    BW(lower)=0.77    % BW(eager)=19.35   % CV=0.0303 
Decode     median=0.2313    ms p95=0.2480    ms TFLOPS=0.1451    BW(lower)=14.67   % BW(eager)=15.01   % CV=0.0269 
Time ratio: median=37.69x, p95=35.28x | Prefill peak_delta=1368.50 MB, Decode peak_delta=1.14 MB

================================================================================
Testing context_len = 4096
================================================================================

[Prefill] context_len=4096
  Repeat 1/3 warmup (10 runs)...
  Repeat 1/3 GPU Event timing (50 runs)...
  Repeat 1/3 CPU timing (50 runs)...
  Repeat 2/3 warmup (10 runs)...
  Repeat 2/3 GPU Event timing (50 runs)...
  Repeat 2/3 CPU timing (50 runs)...
  Repeat 3/3 warmup (10 runs)...
  Repeat 3/3 GPU Event timing (50 runs)...
  Repeat 3/3 CPU timing (50 runs)...

[Decode] context_len=4096
  Repeat 1/3 warmup (10 runs)...
  Repeat 1/3 GPU Event timing (50 runs)...
  Repeat 1/3 CPU timing (50 runs)...
  Repeat 2/3 warmup (10 runs)...
  Repeat 2/3 GPU Event timing (50 runs)...
  Repeat 2/3 CPU timing (50 runs)...
  Repeat 3/3 warmup (10 runs)...
  Repeat 3/3 GPU Event timing (50 runs)...
  Repeat 3/3 CPU timing (50 runs)...

--------------------------------------------------------------------------------
Comparison Summary (context_len=4096)
--------------------------------------------------------------------------------
Prefill    median=33.5368   ms p95=33.6498   ms TFLOPS=8.1963    BW(lower)=0.40    % BW(eager)=19.71   % CV=0.0018 
Decode     median=0.2339    ms p95=0.2510    ms TFLOPS=0.2869    BW(lower)=29.00   % BW(eager)=29.68   % CV=0.0337 
Time ratio: median=143.39x, p95=134.08x | Prefill peak_delta=5185.00 MB, Decode peak_delta=2.27 MB

================================================================================
Testing context_len = 8192
================================================================================

[Prefill] context_len=8192
  [OOM] stage=prefill, context_len=8192: CUDA out of memory. Tried to allocate 8.00 GiB. GPU 7 has a total capacity of 23.57 GiB of which 2.92 GiB is free. Including non-PyTorch memory, this process has 20.64 GiB memory in use. Of the allocated memory 12.38 GiB is allocated by PyTorch, and 7.95 GiB is reserved by PyTorch but unallocated. If reserved but unallocated memory is large try setting PYTORCH_CUDA_ALLOC_CONF=expandable_segments:True to avoid fragmentation.  See documentation for Memory Management  (https://pytorch.org/docs/stable/notes/cuda.html#environment-variables)

[Decode] context_len=8192
  Repeat 1/3 warmup (10 runs)...
  Repeat 1/3 GPU Event timing (50 runs)...
  Repeat 1/3 CPU timing (50 runs)...
  Repeat 2/3 warmup (10 runs)...
  Repeat 2/3 GPU Event timing (50 runs)...
  Repeat 2/3 CPU timing (50 runs)...
  Repeat 3/3 warmup (10 runs)...
  Repeat 3/3 GPU Event timing (50 runs)...
  Repeat 3/3 CPU timing (50 runs)...

--------------------------------------------------------------------------------
Comparison Summary (context_len=8192)
--------------------------------------------------------------------------------
Prefill    status=oom context=8192 error=CUDA out of memory. Tried to allocate 8.00 GiB. GPU 7 has a total capacity of 23.57 GiB of which 2.92 GiB is free. Inclu
Decode     median=0.2737    ms p95=0.2777    ms TFLOPS=0.4904    BW(lower)=49.56   % BW(eager)=50.72   % CV=0.0177 
Time ratio: N/A due to non-ok stage status

================================================================================
Results saved to: results/prefill_vs_decode_roco_20260306_181022.json
================================================================================
======================================================================
Phase 1: Enhanced Result Visualization
======================================================================
Input: results/prefill_vs_decode_roco_20260306_181022.json
Output: plots/
======================================================================
Generating enhanced plots for roco...
  ✓ Generated: roco_tflops_dive.png
  ✓ Generated: roco_bandwidth_trend.png
  ✓ Generated: roco_execution_time.png
  ✓ Generated: roco_time_ratio_growth.png
  ✓ Generated: roco_memory_usage.png
  ✓ Generated: roco_dashboard.png
All plots saved to plots/

======================================================================
✓ All enhanced plots generated successfully!
======================================================================

Generated files:
  1. roco_tflops_dive.png - TFLOPS trend
  2. roco_bandwidth_trend.png - Bandwidth utilization trend
  3. roco_execution_time.png - Timing comparison
  4. roco_time_ratio_growth.png - Performance gap growth
  5. roco_memory_usage.png - GPU memory usage
  6. roco_dashboard.png - Comprehensive dashboard
