================================================================================
Phase 1 Baseline: Prefill vs Decode
================================================================================
Model: h2o -> h2o
System: torch
Context Lengths: [2048, 4096, 8192]
Batch Size: 1
Head Num / Head Dim: 32 / 128
DType: float16
Warmup / Runs / Repeats: 10 / 50 / 3
Check Outputs: False
Seed: 0
Device: cuda:7 (NVIDIA GeForce RTX 3090)
Theoretical BW: 936.0 GB/s
CUDA Version: 12.1
PyTorch Version: 2.2.2+cu121
================================================================================

================================================================================
Testing context_len = 2048
================================================================================

[Prefill] context_len=2048
  Repeat 1/3 warmup (10 runs)...
  Repeat 1/3 GPU Event timing (50 runs)...
  Repeat 1/3 CPU timing (50 runs)...
  Repeat 2/3 warmup (10 runs)...
  Repeat 2/3 GPU Event timing (50 runs)...
  Repeat 2/3 CPU timing (50 runs)...
  Repeat 3/3 warmup (10 runs)...
  Repeat 3/3 GPU Event timing (50 runs)...
  Repeat 3/3 CPU timing (50 runs)...

[Decode] context_len=2048
  Repeat 1/3 warmup (10 runs)...
  Repeat 1/3 GPU Event timing (50 runs)...
  Repeat 1/3 CPU timing (50 runs)...
  Repeat 2/3 warmup (10 runs)...
  Repeat 2/3 GPU Event timing (50 runs)...
  Repeat 2/3 CPU timing (50 runs)...
  Repeat 3/3 warmup (10 runs)...
  Repeat 3/3 GPU Event timing (50 runs)...
  Repeat 3/3 CPU timing (50 runs)...

--------------------------------------------------------------------------------
Comparison Summary (context_len=2048)
--------------------------------------------------------------------------------
Prefill    median=4.4063    ms p95=6.5046    ms TFLOPS=15.5958   BW(lower)=1.52    % BW(eager)=38.27   % CV=0.7166 
Decode     median=0.0020    ms p95=0.2310    ms TFLOPS=16.3840   BW(lower)=1643.74 % BW(eager)=1682.35 % CV=2.1566 
Time ratio: median=2151.50x, p95=28.16x | Prefill peak_delta=0.00 MB, Decode peak_delta=0.00 MB

================================================================================
Testing context_len = 4096
================================================================================

[Prefill] context_len=4096
  Repeat 1/3 warmup (10 runs)...
  Repeat 1/3 GPU Event timing (50 runs)...
  Repeat 1/3 CPU timing (50 runs)...
  Repeat 2/3 warmup (10 runs)...
  Repeat 2/3 GPU Event timing (50 runs)...
  Repeat 2/3 CPU timing (50 runs)...
  Repeat 3/3 warmup (10 runs)...
  Repeat 3/3 GPU Event timing (50 runs)...
  Repeat 3/3 CPU timing (50 runs)...

[Decode] context_len=4096
  Repeat 1/3 warmup (10 runs)...
  Repeat 1/3 GPU Event timing (50 runs)...
  Repeat 1/3 CPU timing (50 runs)...
  Repeat 2/3 warmup (10 runs)...
  Repeat 2/3 GPU Event timing (50 runs)...
  Repeat 2/3 CPU timing (50 runs)...
  Repeat 3/3 warmup (10 runs)...
  Repeat 3/3 GPU Event timing (50 runs)...
  Repeat 3/3 CPU timing (50 runs)...

--------------------------------------------------------------------------------
Comparison Summary (context_len=4096)
--------------------------------------------------------------------------------
Prefill    median=23.2929   ms p95=25.3932   ms TFLOPS=11.8009   BW(lower)=0.58    % BW(eager)=28.38   % CV=0.7091 
Decode     median=0.0020    ms p95=0.0031    ms TFLOPS=32.7680   BW(lower)=3286.69 % BW(eager)=3363.91 % CV=0.2016 
Time ratio: median=11373.50x, p95=8266.00x | Prefill peak_delta=0.00 MB, Decode peak_delta=0.00 MB

================================================================================
Testing context_len = 8192
================================================================================

[Prefill] context_len=8192
  Repeat 1/3 warmup (10 runs)...
Traceback (most recent call last):
  File "/data2/ldz/FlashTensor-AE/decode_experiments/phase1_baseline/test_prefill_vs_decode.py", line 743, in <module>
    main()
  File "/data2/ldz/FlashTensor-AE/decode_experiments/phase1_baseline/test_prefill_vs_decode.py", line 714, in main
    results = comparison.compare(
  File "/data2/ldz/FlashTensor-AE/decode_experiments/phase1_baseline/test_prefill_vs_decode.py", line 593, in compare
    prefill_result = self.run_prefill_test(context_len, **kwargs)
  File "/data2/ldz/FlashTensor-AE/decode_experiments/phase1_baseline/test_prefill_vs_decode.py", line 548, in run_prefill_test
    return self.run_single_test(
  File "/data2/ldz/FlashTensor-AE/decode_experiments/phase1_baseline/test_prefill_vs_decode.py", line 444, in run_single_test
    timing = self._measure_timing(runner, inputs, warmup=warmup, runs=runs, repeats=repeats)
  File "/data2/ldz/FlashTensor-AE/decode_experiments/phase1_baseline/test_prefill_vs_decode.py", line 348, in _measure_timing
    _ = self._forward(f, inputs)
  File "/data2/ldz/FlashTensor-AE/decode_experiments/phase1_baseline/test_prefill_vs_decode.py", line 314, in _forward
    return f(*inputs)
  File "/data2/ldz/FlashTensor-AE/baseline_venv/lib/python3.10/site-packages/torch/nn/modules/module.py", line 1511, in _wrapped_call_impl
    return self._call_impl(*args, **kwargs)
  File "/data2/ldz/FlashTensor-AE/baseline_venv/lib/python3.10/site-packages/torch/nn/modules/module.py", line 1520, in _call_impl
    return forward_call(*args, **kwargs)
  File "/data2/ldz/FlashTensor-AE/asuka_exp/cases/kernels/h2o.py", line 31, in forward
    probs = F.softmax(scores.float(), dim=-1)
  File "/data2/ldz/FlashTensor-AE/baseline_venv/lib/python3.10/site-packages/torch/nn/functional.py", line 1858, in softmax
    ret = input.softmax(dim)
torch.cuda.OutOfMemoryError: CUDA out of memory. Tried to allocate 8.00 GiB. GPU 7 has a total capacity of 23.57 GiB of which 7.05 GiB is free. Including non-PyTorch memory, this process has 16.51 GiB memory in use. Of the allocated memory 12.38 GiB is allocated by PyTorch, and 3.83 GiB is reserved by PyTorch but unallocated. If reserved but unallocated memory is large try setting PYTORCH_CUDA_ALLOC_CONF=expandable_segments:True to avoid fragmentation.  See documentation for Memory Management  (https://pytorch.org/docs/stable/notes/cuda.html#environment-variables)
