================================================================================
Phase 1 Baseline: Prefill vs Decode
================================================================================
Model: roco -> roco
System: torch
Context Lengths: [2048, 4096, 8192]
Batch Size: 1
Head Num / Head Dim: 32 / 128
DType: float16
Warmup / Runs / Repeats: 10 / 50 / 3
Check Outputs: False
OOM Policy: skip
Seed: 0
Device: cuda:7 (NVIDIA GeForce RTX 3090)
Theoretical BW: 936.0 GB/s
CUDA Version: 12.1
PyTorch Version: 2.2.2+cu121
================================================================================

================================================================================
Testing context_len = 2048
================================================================================

[Prefill] context_len=2048
  Repeat 1/3 warmup (10 runs)...
  Repeat 1/3 GPU Event timing (50 runs)...
  Repeat 1/3 CPU timing (50 runs)...
  Repeat 2/3 warmup (10 runs)...
  Repeat 2/3 GPU Event timing (50 runs)...
  Repeat 2/3 CPU timing (50 runs)...
  Repeat 3/3 warmup (10 runs)...
  Repeat 3/3 GPU Event timing (50 runs)...
  Repeat 3/3 CPU timing (50 runs)...

[Decode] context_len=2048
  Repeat 1/3 warmup (10 runs)...
  Repeat 1/3 GPU Event timing (50 runs)...
  Repeat 1/3 CPU timing (50 runs)...
  Repeat 2/3 warmup (10 runs)...
  Repeat 2/3 GPU Event timing (50 runs)...
  Repeat 2/3 CPU timing (50 runs)...
  Repeat 3/3 warmup (10 runs)...
  Repeat 3/3 GPU Event timing (50 runs)...
  Repeat 3/3 CPU timing (50 runs)...

--------------------------------------------------------------------------------
Comparison Summary (context_len=2048)
--------------------------------------------------------------------------------
Prefill    median=8.6821    ms p95=8.7343    ms TFLOPS=7.9150    BW(lower)=0.78    % BW(eager)=19.43   % CV=0.3853 
Decode     median=0.2460    ms p95=0.2614    ms TFLOPS=0.1364    BW(lower)=13.79   % BW(eager)=14.11   % CV=0.0277 
Time ratio: median=35.29x, p95=33.41x | Prefill peak_delta=0.00 MB, Decode peak_delta=0.00 MB

================================================================================
Testing context_len = 4096
================================================================================

[Prefill] context_len=4096
  Repeat 1/3 warmup (10 runs)...
  Repeat 1/3 GPU Event timing (50 runs)...
  Repeat 1/3 CPU timing (50 runs)...
  Repeat 2/3 warmup (10 runs)...
  Repeat 2/3 GPU Event timing (50 runs)...
  Repeat 2/3 CPU timing (50 runs)...
  Repeat 3/3 warmup (10 runs)...
  Repeat 3/3 GPU Event timing (50 runs)...
  Repeat 3/3 CPU timing (50 runs)...

[Decode] context_len=4096
  Repeat 1/3 warmup (10 runs)...
  Repeat 1/3 GPU Event timing (50 runs)...
  Repeat 1/3 CPU timing (50 runs)...
  Repeat 2/3 warmup (10 runs)...
  Repeat 2/3 GPU Event timing (50 runs)...
  Repeat 2/3 CPU timing (50 runs)...
  Repeat 3/3 warmup (10 runs)...
  Repeat 3/3 GPU Event timing (50 runs)...
  Repeat 3/3 CPU timing (50 runs)...

--------------------------------------------------------------------------------
Comparison Summary (context_len=4096)
--------------------------------------------------------------------------------
Prefill    median=33.4944   ms p95=33.6058   ms TFLOPS=8.2067    BW(lower)=0.40    % BW(eager)=19.74   % CV=0.3730 
Decode     median=0.2483    ms p95=0.2642    ms TFLOPS=0.2703    BW(lower)=27.32   % BW(eager)=27.95   % CV=0.4505 
Time ratio: median=134.89x, p95=127.20x | Prefill peak_delta=0.00 MB, Decode peak_delta=0.00 MB

================================================================================
Testing context_len = 8192
================================================================================

[Prefill] context_len=8192
  [OOM] stage=prefill, context_len=8192: CUDA out of memory. Tried to allocate 8.00 GiB. GPU 7 has a total capacity of 23.57 GiB of which 2.92 GiB is free. Including non-PyTorch memory, this process has 20.64 GiB memory in use. Of the allocated memory 12.38 GiB is allocated by PyTorch, and 7.95 GiB is reserved by PyTorch but unallocated. If reserved but unallocated memory is large try setting PYTORCH_CUDA_ALLOC_CONF=expandable_segments:True to avoid fragmentation.  See documentation for Memory Management  (https://pytorch.org/docs/stable/notes/cuda.html#environment-variables)

[Decode] context_len=8192
  Repeat 1/3 warmup (10 runs)...
  Repeat 1/3 GPU Event timing (50 runs)...
  Repeat 1/3 CPU timing (50 runs)...
  Repeat 2/3 warmup (10 runs)...
  Repeat 2/3 GPU Event timing (50 runs)...
  Repeat 2/3 CPU timing (50 runs)...
  Repeat 3/3 warmup (10 runs)...
  Repeat 3/3 GPU Event timing (50 runs)...
  Repeat 3/3 CPU timing (50 runs)...

--------------------------------------------------------------------------------
Comparison Summary (context_len=8192)
--------------------------------------------------------------------------------
Prefill    status=oom context=8192 error=CUDA out of memory. Tried to allocate 8.00 GiB. GPU 7 has a total capacity of 23.57 GiB of which 2.92 GiB is free. Inclu
Decode     median=0.2480    ms p95=0.2692    ms TFLOPS=0.5413    BW(lower)=54.71   % BW(eager)=55.98   % CV=0.0319 
Time ratio: N/A due to non-ok stage status

================================================================================
Results saved to: results/prefill_vs_decode_roco_20260306_180543.json
================================================================================
======================================================================
Phase 1: Enhanced Result Visualization
======================================================================
Input: results/prefill_vs_decode_roco_20260306_180543.json
Output: plots/
======================================================================
Generating enhanced plots for roco...
  ✓ Generated: roco_tflops_dive.png
  ✓ Generated: roco_bandwidth_trend.png
  ✓ Generated: roco_execution_time.png
  ✓ Generated: roco_time_ratio_growth.png
  ✓ Generated: roco_memory_usage.png
  ✓ Generated: roco_dashboard.png
All plots saved to plots/

======================================================================
✓ All enhanced plots generated successfully!
======================================================================

Generated files:
  1. roco_tflops_dive.png - TFLOPS trend
  2. roco_bandwidth_trend.png - Bandwidth utilization trend
  3. roco_execution_time.png - Timing comparison
  4. roco_time_ratio_growth.png - Performance gap growth
  5. roco_memory_usage.png - GPU memory usage
  6. roco_dashboard.png - Comprehensive dashboard
