================================================================================
Phase 1 Baseline: Prefill vs Decode
================================================================================
Model: h2o -> h2o
System: torch
Context Lengths: [2048, 4096, 8192]
Batch Size: 1
Head Num / Head Dim: 32 / 128
DType: float16
Warmup / Runs / Repeats: 10 / 50 / 3
Check Outputs: False
OOM Policy: skip
Seed: 0
Device: cuda:7 (NVIDIA GeForce RTX 3090)
Theoretical BW: 936.0 GB/s
CUDA Version: 12.1
PyTorch Version: 2.2.2+cu121
================================================================================

================================================================================
Testing context_len = 2048
================================================================================

[Prefill] context_len=2048
  Repeat 1/3 warmup (10 runs)...
  Repeat 1/3 GPU Event timing (50 runs)...
  Repeat 1/3 CPU timing (50 runs)...
  Repeat 2/3 warmup (10 runs)...
  Repeat 2/3 GPU Event timing (50 runs)...
  Repeat 2/3 CPU timing (50 runs)...
  Repeat 3/3 warmup (10 runs)...
  Repeat 3/3 GPU Event timing (50 runs)...
  Repeat 3/3 CPU timing (50 runs)...

[Decode] context_len=2048
  Repeat 1/3 warmup (10 runs)...
  Repeat 1/3 GPU Event timing (50 runs)...
  Repeat 1/3 CPU timing (50 runs)...
  Repeat 2/3 warmup (10 runs)...
  Repeat 2/3 GPU Event timing (50 runs)...
  Repeat 2/3 CPU timing (50 runs)...
  Repeat 3/3 warmup (10 runs)...
  Repeat 3/3 GPU Event timing (50 runs)...
  Repeat 3/3 CPU timing (50 runs)...

--------------------------------------------------------------------------------
Comparison Summary (context_len=2048)
--------------------------------------------------------------------------------
Prefill    median=6.8926    ms p95=6.9471    ms TFLOPS=9.9701    BW(lower)=0.97    % BW(eager)=24.47   % CV=0.0037 
Decode     median=0.2031    ms p95=0.2173    ms TFLOPS=0.1652    BW(lower)=16.57   % BW(eager)=16.96   % CV=0.0375 
Time ratio: median=33.93x, p95=31.97x | Prefill peak_delta=1288.00 MB, Decode peak_delta=0.64 MB

================================================================================
Testing context_len = 4096
================================================================================

[Prefill] context_len=4096
  Repeat 1/3 warmup (10 runs)...
  Repeat 1/3 GPU Event timing (50 runs)...
  Repeat 1/3 CPU timing (50 runs)...
  Repeat 2/3 warmup (10 runs)...
  Repeat 2/3 GPU Event timing (50 runs)...
  Repeat 2/3 CPU timing (50 runs)...
  Repeat 3/3 warmup (10 runs)...
  Repeat 3/3 GPU Event timing (50 runs)...
  Repeat 3/3 CPU timing (50 runs)...

[Decode] context_len=4096
  Repeat 1/3 warmup (10 runs)...
  Repeat 1/3 GPU Event timing (50 runs)...
  Repeat 1/3 CPU timing (50 runs)...
  Repeat 2/3 warmup (10 runs)...
  Repeat 2/3 GPU Event timing (50 runs)...
  Repeat 2/3 CPU timing (50 runs)...
  Repeat 3/3 warmup (10 runs)...
  Repeat 3/3 GPU Event timing (50 runs)...
  Repeat 3/3 CPU timing (50 runs)...

--------------------------------------------------------------------------------
Comparison Summary (context_len=4096)
--------------------------------------------------------------------------------
Prefill    median=26.2365   ms p95=26.4840   ms TFLOPS=10.4769   BW(lower)=0.51    % BW(eager)=25.20   % CV=5.5843 
Decode     median=0.2133    ms p95=0.2296    ms TFLOPS=0.3147    BW(lower)=31.56   % BW(eager)=32.30   % CV=0.0455 
Time ratio: median=123.02x, p95=115.37x | Prefill peak_delta=5152.00 MB, Decode peak_delta=1.27 MB

================================================================================
Testing context_len = 8192
================================================================================

[Prefill] context_len=8192
  Repeat 1/3 warmup (10 runs)...
  [OOM] stage=prefill, context_len=8192: CUDA out of memory. Tried to allocate 8.00 GiB. GPU 7 has a total capacity of 23.57 GiB of which 7.05 GiB is free. Including non-PyTorch memory, this process has 16.51 GiB memory in use. Of the allocated memory 12.38 GiB is allocated by PyTorch, and 3.83 GiB is reserved by PyTorch but unallocated. If reserved but unallocated memory is large try setting PYTORCH_CUDA_ALLOC_CONF=expandable_segments:True to avoid fragmentation.  See documentation for Memory Management  (https://pytorch.org/docs/stable/notes/cuda.html#environment-variables)

[Decode] context_len=8192
  Repeat 1/3 warmup (10 runs)...
  Repeat 1/3 GPU Event timing (50 runs)...
  Repeat 1/3 CPU timing (50 runs)...
  Repeat 2/3 warmup (10 runs)...
  Repeat 2/3 GPU Event timing (50 runs)...
  Repeat 2/3 CPU timing (50 runs)...
  Repeat 3/3 warmup (10 runs)...
  Repeat 3/3 GPU Event timing (50 runs)...
  Repeat 3/3 CPU timing (50 runs)...

--------------------------------------------------------------------------------
Comparison Summary (context_len=8192)
--------------------------------------------------------------------------------
Prefill    status=oom context=8192 error=CUDA out of memory. Tried to allocate 8.00 GiB. GPU 7 has a total capacity of 23.57 GiB of which 7.05 GiB is free. Inclu
Decode     median=0.2985    ms p95=0.3205    ms TFLOPS=0.4496    BW(lower)=45.09   % BW(eager)=46.15   % CV=0.0413 
Time ratio: N/A due to non-ok stage status

================================================================================
Results saved to: results/prefill_vs_decode_h2o_20260306_181022.json
================================================================================
======================================================================
Phase 1: Enhanced Result Visualization
======================================================================
Input: results/prefill_vs_decode_h2o_20260306_181022.json
Output: plots/
======================================================================
Generating enhanced plots for h2o...
  ✓ Generated: h2o_tflops_dive.png
  ✓ Generated: h2o_bandwidth_trend.png
  ✓ Generated: h2o_execution_time.png
  ✓ Generated: h2o_time_ratio_growth.png
  ✓ Generated: h2o_memory_usage.png
  ✓ Generated: h2o_dashboard.png
All plots saved to plots/

======================================================================
✓ All enhanced plots generated successfully!
======================================================================

Generated files:
  1. h2o_tflops_dive.png - TFLOPS trend
  2. h2o_bandwidth_trend.png - Bandwidth utilization trend
  3. h2o_execution_time.png - Timing comparison
  4. h2o_time_ratio_growth.png - Performance gap growth
  5. h2o_memory_usage.png - GPU memory usage
  6. h2o_dashboard.png - Comprehensive dashboard
